=== chunk-001.js ===
{"checkpoint":"source 2026-08-30T03-38-19-877Z_01a050bf-2765-74cd-9434-ffb0fa22a54b.jsonl:209 seq 11 openpencil_delete_node","ok":true}
{"checkpoint":"source 2026-08-30T03-38-19-877Z_01a050bf-2765-74cd-9434-ffb0fa22a54b.jsonl:209 seq 11 openpencil_rename_page","ok":false,"error":{"code":"tool_error","message":"Error: host rejected command: RenamePage { index: 0, name: \"01 Brand Reference\" }"}}
[{"path":"openpencil_delete_node","r":{"ok":true,"data":{"content":[{"type":"text","text":"{\"wrote\":\"true\"}"}]}}},{"path":"openpencil_rename_page","r":{"ok":false,"error":{"code":"tool_error","message":"Error: host rejected command: RenamePage { index: 0, name: \"01 Brand Reference\" }"},"data":{"content":[{"type":"text","text":"Error: host rejected command: RenamePage { index: 0, name: \"01 Brand Reference\" }"}],"isError":true}}}]
{"checkpoint":"source 2026-08-30T03-38-19-877Z_01a050bf-2765-74cd-9434-ffb0fa22a54b.jsonl:211 seq 12 mutation","ok":false,"error":{"code":"tool_error","message":"Error: host rejected command: RenamePage { index: 0, name: \"01 Brand Reference\" }"}}
{"checkpoint":"source 2026-08-30T03-38-19-877Z_01a050bf-2765-74cd-9434-ffb0fa22a54b.jsonl:213 seq 13 mutation","ok":false,"error":{"code":"tool_error","message":"Error: host rejected command: RenamePage { index: 0, name: \"01 Brand Reference\" }"}}
{"checkpoint":"source 2026-08-30T03-38-19-877Z_01a050bf-2765-74cd-9434-ffb0fa22a54b.jsonl:215 seq 14 mutation","ok":true}
{"checkpoint":"source 2026-08-30T03-38-19-877Z_01a050bf-2765-74cd-9434-ffb0fa22a54b.jsonl:217 seq 15 mutation","ok":true}
{"checkpoint":"source 2026-08-30T03-38-19-877Z_01a050bf-2765-74cd-9434-ffb0fa22a54b.jsonl:221 seq 17 openpencil_delete_page","ok":true}
{"checkpoint":"source 2026-08-30T03-38-19-877Z_01a050bf-2765-74cd-9434-ffb0fa22a54b.jsonl:221 seq 17 openpencil_add_page","ok":true}
{"checkpoint":"source 2026-08-30T03-38-19-877Z_01a050bf-2765-74cd-9434-ffb0fa22a54b.jsonl:221 seq 17 openpencil_reorder_page","ok":true}
[{"p":"openpencil_delete_page","r":{"ok":true,"data":{"content":[{"type":"text","text":"{\"wrote\":\"true\"}"}]}}},{"p":"openpencil_add_page","r":{"ok":true,"data":{"content":[{"type":"text","text":"{\"wrote\":\"true\"}"}]}}},{"p":"openpencil_reorder_page","r":{"ok":true,"data":{"content":[{"type":"text","text":"{\"wrote\":\"true\"}"}]}}}]
{"checkpoint":"source 2026-08-30T03-38-19-877Z_01a050bf-2765-74cd-9434-ffb0fa22a54b.jsonl:225 seq 19 openpencil_create_variable","ok":true}
{"checkpoint":"source 2026-08-30T03-38-19-877Z_01a050bf-2765-74cd-9434-ffb0fa22a54b.jsonl:225 seq 19 openpencil_create_variable","ok":true}
{"checkpoint":"source 2026-08-30T03-38-19-877Z_01a050bf-2765-74cd-9434-ffb0fa22a54b.jsonl:225 seq 19 openpencil_create_variable","ok":true}
{"checkpoint":"source 2026-08-30T03-38-19-877Z_01a050bf-2765-74cd-9434-ffb0fa22a54b.jsonl:225 seq 19 openpencil_create_variable","ok":true}
{"checkpoint":"source 2026-08-30T03-38-19-877Z_01a050bf-2765-74cd-9434-ffb0fa22a54b.jsonl:225 seq 19 openpencil_create_variable","ok":true}
{"checkpoint":"source 2026-08-30T03-38-19-877Z_01a050bf-2765-74cd-9434-ffb0fa22a54b.jsonl:225 seq 19 openpencil_create_variable","ok":true}
{"checkpoint":"source 2026-08-30T03-38-19-877Z_01a050bf-2765-74cd-9434-ffb0fa22a54b.jsonl:225 seq 19 openpencil_create_variable","ok":true}
{"checkpoint":"source 2026-08-30T03-38-19-877Z_01a050bf-2765-74cd-9434-ffb0fa22a54b.jsonl:225 seq 19 openpencil_create_variable","ok":true}
{"checkpoint":"source 2026-08-30T03-38-19-877Z_01a050bf-2765-74cd-9434-ffb0fa22a54b.jsonl:225 seq 19 openpencil_create_variable","ok":true}
{"checkpoint":"source 2026-08-30T03-38-19-877Z_01a050bf-2765-74cd-9434-ffb0fa22a54b.jsonl:225 seq 19 openpencil_create_variable","ok":true}
{"checkpoint":"source 2026-08-30T03-38-19-877Z_01a050bf-2765-74cd-9434-ffb0fa22a54b.jsonl:225 seq 19 openpencil_create_variable","ok":true}
{"checkpoint":"source 2026-08-30T03-38-19-877Z_01a050bf-2765-74cd-9434-ffb0fa22a54b.jsonl:225 seq 19 openpencil_create_variable","ok":true}
{"checkpoint":"source 2026-08-30T03-38-19-877Z_01a050bf-2765-74cd-9434-ffb0fa22a54b.jsonl:225 seq 19 openpencil_create_variable","ok":true}
{"checkpoint":"source 2026-08-30T03-38-19-877Z_01a050bf-2765-74cd-9434-ffb0fa22a54b.jsonl:225 seq 19 openpencil_create_variable","ok":true}
{"checkpoint":"source 2026-08-30T03-38-19-877Z_01a050bf-2765-74cd-9434-ffb0fa22a54b.jsonl:225 seq 19 openpencil_create_variable","ok":true}
{"checkpoint":"source 2026-08-30T03-38-19-877Z_01a050bf-2765-74cd-9434-ffb0fa22a54b.jsonl:225 seq 19 openpencil_create_variable","ok":true}
{"checkpoint":"source 2026-08-30T03-38-19-877Z_01a050bf-2765-74cd-9434-ffb0fa22a54b.jsonl:225 seq 19 openpencil_create_variable","ok":true}
{"checkpoint":"source 2026-08-30T03-38-19-877Z_01a050bf-2765-74cd-9434-ffb0fa22a54b.jsonl:225 seq 19 openpencil_create_variable","ok":true}
{"checkpoint":"source 2026-08-30T03-38-19-877Z_01a050bf-2765-74cd-9434-ffb0fa22a54b.jsonl:225 seq 19 openpencil_create_variable","ok":true}
{"checkpoint":"source 2026-08-30T03-38-19-877Z_01a050bf-2765-74cd-9434-ffb0fa22a54b.jsonl:225 seq 19 openpencil_create_variable","ok":true}
{"checkpoint":"source 2026-08-30T03-38-19-877Z_01a050bf-2765-74cd-9434-ffb0fa22a54b.jsonl:225 seq 19 openpencil_create_variable","ok":true}
{"checkpoint":"source 2026-08-30T03-38-19-877Z_01a050bf-2765-74cd-9434-ffb0fa22a54b.jsonl:225 seq 19 openpencil_create_variable","ok":true}
{"checkpoint":"source 2026-08-30T03-38-19-877Z_01a050bf-2765-74cd-9434-ffb0fa22a54b.jsonl:225 seq 19 openpencil_create_variable","ok":true}
{"checkpoint":"source 2026-08-30T03-38-19-877Z_01a050bf-2765-74cd-9434-ffb0fa22a54b.jsonl:225 seq 19 openpencil_create_variable","ok":true}
{"checkpoint":"source 2026-08-30T03-38-19-877Z_01a050bf-2765-74cd-9434-ffb0fa22a54b.jsonl:225 seq 19 openpencil_create_variable","ok":true}
{"checkpoint":"source 2026-08-30T03-38-19-877Z_01a050bf-2765-74cd-9434-ffb0fa22a54b.jsonl:225 seq 19 openpencil_create_variable","ok":true}
{"checkpoint":"source 2026-08-30T03-38-19-877Z_01a050bf-2765-74cd-9434-ffb0fa22a54b.jsonl:225 seq 19 openpencil_create_variable","ok":true}
{"checkpoint":"source 2026-08-30T03-38-19-877Z_01a050bf-2765-74cd-9434-ffb0fa22a54b.jsonl:225 seq 19 openpencil_create_variable","ok":true}
{"checkpoint":"source 2026-08-30T03-38-19-877Z_01a050bf-2765-74cd-9434-ffb0fa22a54b.jsonl:225 seq 19 openpencil_create_variable","ok":true}
{"checkpoint":"source 2026-08-30T03-38-19-877Z_01a050bf-2765-74cd-9434-ffb0fa22a54b.jsonl:225 seq 19 openpencil_create_variable","ok":true}
{"checkpoint":"source 2026-08-30T03-38-19-877Z_01a050bf-2765-74cd-9434-ffb0fa22a54b.jsonl:225 seq 19 openpencil_create_variable","ok":true}
{"checkpoint":"source 2026-08-30T03-38-19-877Z_01a050bf-2765-74cd-9434-ffb0fa22a54b.jsonl:225 seq 19 openpencil_create_variable","ok":true}
{"checkpoint":"source 2026-08-30T03-38-19-877Z_01a050bf-2765-74cd-9434-ffb0fa22a54b.jsonl:225 seq 19 openpencil_create_variable","ok":true}
{"created":33,"failed":[]}
{"checkpoint":"source 2026-08-30T03-38-19-877Z_01a050bf-2765-74cd-9434-ffb0fa22a54b.jsonl:227 seq 20 openpencil_set_active_page","ok":true}
{"checkpoint":"source 2026-08-30T03-38-19-877Z_01a050bf-2765-74cd-9434-ffb0fa22a54b.jsonl:227 seq 20 openpencil_import_html","ok":true}
{"checkpoint":"source 2026-08-30T03-38-19-877Z_01a050bf-2765-74cd-9434-ffb0fa22a54b.jsonl:227 seq 20 openpencil_import_svg","ok":false,"error":{"code":"tool_error","message":"Error: failed to read svgPath \"docs/garfex-color-positivo.svg\": No such file or directory (os error 2)"}}
{"checkpoint":"source 2026-08-30T03-38-19-877Z_01a050bf-2765-74cd-9434-ffb0fa22a54b.jsonl:227 seq 20 openpencil_import_svg","ok":false,"error":{"code":"tool_error","message":"Error: failed to read svgPath \"docs/garfex-blanco-negativo.svg\": No such file or directory (os error 2)"}}
{"checkpoint":"source 2026-08-30T03-38-19-877Z_01a050bf-2765-74cd-9434-ffb0fa22a54b.jsonl:227 seq 20 openpencil_import_svg","ok":false,"error":{"code":"tool_error","message":"Error: failed to read svgPath \"docs/garfex-negro-positivo.svg\": No such file or directory (os error 2)"}}
{"checkpoint":"source 2026-08-30T03-38-19-877Z_01a050bf-2765-74cd-9434-ffb0fa22a54b.jsonl:227 seq 20 openpencil_import_svg","ok":false,"error":{"code":"tool_error","message":"Error: failed to read svgPath \"docs/garfex-g-color-positivo.svg\": No such file or directory (os error 2)"}}
{"checkpoint":"source 2026-08-30T03-38-19-877Z_01a050bf-2765-74cd-9434-ffb0fa22a54b.jsonl:227 seq 20 openpencil_import_svg","ok":false,"error":{"code":"tool_error","message":"Error: failed to read svgPath \"docs/garfex-g-blanco-negativo.svg\": No such file or directory (os error 2)"}}
{"checkpoint":"source 2026-08-30T03-38-19-877Z_01a050bf-2765-74cd-9434-ffb0fa22a54b.jsonl:227 seq 20 openpencil_import_svg","ok":false,"error":{"code":"tool_error","message":"Error: failed to read svgPath \"docs/garfex-g-negro-positivo.svg\": No such file or directory (os error 2)"}}
[{"i":0,"ok":true},{"i":1,"ok":true},{"i":2,"ok":false,"error":"Error: failed to read svgPath \"docs/garfex-color-positivo.svg\": No such file or directory (os error 2)"},{"i":3,"ok":false,"error":"Error: failed to read svgPath \"docs/garfex-blanco-negativo.svg\": No such file or directory (os error 2)"},{"i":4,"ok":false,"error":"Error: failed to read svgPath \"docs/garfex-negro-positivo.svg\": No such file or directory (os error 2)"},{"i":5,"ok":false,"error":"Error: failed to read svgPath \"docs/garfex-g-color-positivo.svg\": No such file or directory (os error 2)"},{"i":6,"ok":false,"error":"Error: failed to read svgPath \"docs/garfex-g-blanco-negativo.svg\": No such file or directory (os error 2)"},{"i":7,"ok":false,"error":"Error: failed to read svgPath \"docs/garfex-g-negro-positivo.svg\": No such file or directory (os error 2)"}]
{"checkpoint":"source 2026-08-30T03-38-19-877Z_01a050bf-2765-74cd-9434-ffb0fa22a54b.jsonl:229 seq 21 openpencil_import_svg","ok":false,"error":{"code":"tool_error","message":"Error: host rejected command: ImportSvg { svg: \"<?xml version='1.0' encoding='utf-8'?>\\n<ns0:svg xmlns:ns0=\\\"http://www.w3.org/2000/svg\\\" version=\\\"1.1\\\" id=\\\"svg1\\\" width=\\\"440\\\" height=\\\"111\\\" viewBox=\\\"304 349 440 111\\\" preserveAspectRatio=\\\"xMidYMid meet\\\">\\n  <ns0:defs id=\\\"defs1\\\">\\n    <ns0:clipPath clipPathUnits=\\\"userSpaceOnUse\\\" id=\\\"clipPath3\\\">\\n      <ns0:path d=\\\"M 0,612 H 792 V 0 H 0 Z\\\" transform=\\\"translate(-548.48051,-299.40331)\\\" id=\\\"path3\\\" />\\n    </ns0:clipPath>\\n    <ns0:clipPath clipPathUnits=\\\"userSpaceOnUse\\\" id=\\\"clipPath5\\\">\\n      <ns0:path d=\\\"M 0,612 H 792 V 0 H 0 Z\\\" transform=\\\"translate(-547.78031,-295.60351)\\\" id=\\\"path5\\\" />\\n    </ns0:clipPath>\\n    <ns0:clipPath clipPathUnits=\\\"userSpaceOnUse\\\" id=\\\"clipPath7\\\">\\n      <ns0:path d=\\\"M 0,612 H 792 V 0 H 0 Z\\\" transform=\\\"translate(-307.12011,-315.54351)\\\" id=\\\"path7\\\" />\\n    </ns0:clipPath>\\n    <ns0:clipPath clipPathU…
{"checkpoint":"source 2026-08-30T03-38-19-877Z_01a050bf-2765-74cd-9434-ffb0fa22a54b.jsonl:229 seq 21 openpencil_import_svg","ok":true}
{"checkpoint":"source 2026-08-30T03-38-19-877Z_01a050bf-2765-74cd-9434-ffb0fa22a54b.jsonl:229 seq 21 openpencil_import_svg","ok":true}
{"checkpoint":"source 2026-08-30T03-38-19-877Z_01a050bf-2765-74cd-9434-ffb0fa22a54b.jsonl:229 seq 21 openpencil_import_svg","ok":true}
{"checkpoint":"source 2026-08-30T03-38-19-877Z_01a050bf-2765-74cd-9434-ffb0fa22a54b.jsonl:229 seq 21 openpencil_import_svg","ok":true}
{"checkpoint":"source 2026-08-30T03-38-19-877Z_01a050bf-2765-74cd-9434-ffb0fa22a54b.jsonl:229 seq 21 openpencil_import_svg","ok":true}
[{"i":0,"ok":false,"error":"Error: host rejected command: ImportSvg { svg: \"<?xml version='1.0' encoding='utf-8'?>\\n<ns0:svg xmlns:ns0=\\\"http://www.w3.org/2000/svg\\\" version=\\\"1.1\\\" id=\\\"svg1\\\" width=\\\"440\\\" height=\\\"111\\\" viewBox=\\\"304 349 440 111\\\" preserveAspectRatio=\\\"xMidYMid meet\\\">\\n  <ns0:defs id=\\\"defs1\\\">\\n    <ns0:clipPath clipPathUnits=\\\"userSpaceOnUse\\\" id=\\\"clipPath3\\\">\\n      <ns0:path d=\\\"M 0,612 H 792 V 0 H 0 Z\\\" transform=\\\"translate(-548.48051,-299.40331)\\\" id=\\\"path3\\\" />\\n    </ns0:clipPath>\\n    <ns0:clipPath clipPathUnits=\\\"userSpaceOnUse\\\" id=\\\"clipPath5\\\">\\n      <ns0:path d=\\\"M 0,612 H 792 V 0 H 0 Z\\\" transform=\\\"translate(-547.78031,-295.60351)\\\" id=\\\"path5\\\" />\\n    </ns0:clipPath>\\n    <ns0:clipPath clipPathUnits=\\\"userSpaceOnUse\\\" id=\\\"clipPath7\\\">\\n      <ns0:path d=\\\"M 0,612 H 792 V 0 H 0 Z\\\" transform=\\\"translate(-307.12011,-315.54351)\\\" id=\\\"path7\\\" />\\n    </ns0:clipPath>\\n    <ns0:clipPath clipPathUnits=\\\"userSpaceOnUse\\\" id=\\\"clipPath9\\\">\\n      <ns0:path d=\\\"M 0,612 H 792 V 0 H 0 Z\\\" transform=\\\"translate(-366.41991,-323.73391…
{"checkpoint":"source 2026-08-30T03-38-19-877Z_01a050bf-2765-74cd-9434-ffb0fa22a54b.jsonl:235 seq 22 openpencil_import_svg","ok":true}
{"checkpoint":"source 2026-08-30T03-38-19-877Z_01a050bf-2765-74cd-9434-ffb0fa22a54b.jsonl:235 seq 22 openpencil_import_svg","ok":true}
{"checkpoint":"source 2026-08-30T03-38-19-877Z_01a050bf-2765-74cd-9434-ffb0fa22a54b.jsonl:235 seq 22 openpencil_import_svg","ok":true}
[{"ok":true},{"ok":true},{"ok":true}]
{"checkpoint":"source 2026-08-30T03-38-19-877Z_01a050bf-2765-74cd-9434-ffb0fa22a54b.jsonl:242 seq 24 openpencil_delete_node","ok":true}
{"checkpoint":"source 2026-08-30T03-38-19-877Z_01a050bf-2765-74cd-9434-ffb0fa22a54b.jsonl:242 seq 24 openpencil_import_html","ok":true}
{"deleted":true,"imported":true}
{"checkpoint":"source 2026-08-30T03-38-19-877Z_01a050bf-2765-74cd-9434-ffb0fa22a54b.jsonl:248 seq 26 mutation","ok":false,"error":{"code":"tool_error","message":"Error: host rejected command: DeleteNode { node_id: NodeId(\"n8\"), page_id: Some(\"n6\") }"}}
{"checkpoint":"chunk-complete","calls":62}
{"chunk":1,"pagesOk":true,"infoOk":true}
